// Jest Snapshot v1, https://goo.gl/fbAQLP

exports[`StorePage to have an initial page count of 1 1`] = `
<div>
  <a
    aria-current={null}
    className={undefined}
    href="/1"
    onClick={[Function]}
    style={undefined}
  >
    <button
      className="prevButton"
      disabled={true}
      onClick={[Function]}
    >
      ← Previous page
    </button>
  </a>
  <a
    aria-current={null}
    className={undefined}
    href="/1"
    onClick={[Function]}
    style={undefined}
  >
    <button
      disabled={true}
      onClick={[Function]}
    >
      Next page →
    </button>
  </a>
  <div>
    <label
      htmlFor="filterTextBox"
    >
      Filter: 
    </label>
    <input
      id="filterTextBox"
      onChange={[Function]}
      type="text"
    />
    <button
      onClick={[Function]}
    >
      Save to local storage
    </button>
    <button
      onClick={[Function]}
    >
      Reset local storage
    </button>
    <div
      className="box"
    >
      <div
        className="loader"
      />
    </div>
    <div
      className="flexdiv"
    >
      <span />
    </div>
  </div>
</div>
`;
